C51 COMPILER V9.60.7.0   BSP_CAR                                                           02/12/2023 18:29:30 PAGE 1   


C51 COMPILER V9.60.7.0, COMPILATION OF MODULE BSP_CAR
OBJECT MODULE PLACED IN ..\Output\bsp_car.obj
COMPILER INVOKED BY: C:\App\keil5MDK\C51\BIN\C51.EXE ..\User\car\bsp_car.c OPTIMIZE(8,SPEED) BROWSE INCDIR(..\User;..\Li
                    -braries) DEBUG OBJECTEXTEND PRINT(..\Listing\bsp_car.lst) TABS(2) OBJECT(..\Output\bsp_car.obj)

line level    source

   1          # include "./car/bsp_car.h"
   2          
   3          /**
   4           *  @brief  小车刹车
   5           *  @param  无
   6           *  @retval 无
   7           */
   8          void car_stop(void){
   9   1      
  10   1          OUT1_1 = 1;
  11   1          OUT1_2 = 1;
  12   1          OUT2_1 = 1;
  13   1          OUT2_2 = 1;
  14   1          OUT3_1 = 1;
  15   1          OUT3_2 = 1;
  16   1          OUT4_1 = 1;
  17   1          OUT4_2 = 1;
  18   1      }
  19          
  20          /**
  21           *  @brief  小车前进
  22           *  @param  无
  23           *  @retval 无
  24           */
  25          void car_go(void){
  26   1      
  27   1          OUT1_1 = 0;
  28   1          OUT1_2 = 1;
  29   1          OUT2_1 = 1;
  30   1          OUT2_2 = 0;
  31   1          OUT3_1 = 0;
  32   1          OUT3_2 = 1;
  33   1          OUT4_1 = 1;
  34   1          OUT4_2 = 0;
  35   1      }
  36          
  37          /**
  38           *  @brief  小车后退
  39           *  @param  无
  40           *  @retval 无
  41           */
  42          void car_back_go(void){
  43   1      
  44   1          OUT1_1 = 1;
  45   1          OUT1_2 = 0;
  46   1          OUT2_1 = 0;
  47   1          OUT2_2 = 1;
  48   1          OUT3_1 = 1;
  49   1          OUT3_2 = 0;
  50   1          OUT4_1 = 0;
  51   1          OUT4_2 = 1;
  52   1      }
  53          
  54          /**
C51 COMPILER V9.60.7.0   BSP_CAR                                                           02/12/2023 18:29:30 PAGE 2   

  55           *  @brief  小车左转
  56           *  @param  无
  57           *  @retval 无
  58           */
  59          void car_left_go(void){
  60   1      
  61   1          OUT1_1 = 0;
  62   1          OUT1_2 = 1;
  63   1          OUT2_1 = 1;
  64   1          OUT2_2 = 0;
  65   1          OUT3_1 = 1;
  66   1          OUT3_2 = 0;
  67   1          OUT4_1 = 0;
  68   1          OUT4_2 = 1;
  69   1      }
  70          
  71          /**
  72           *  @brief  小车右转
  73           *  @param  无
  74           *  @retval 无
  75           */
  76          void car_right_go(void){
  77   1      
  78   1          OUT1_1 = 1;
  79   1          OUT1_2 = 0;
  80   1          OUT2_1 = 0;
  81   1          OUT2_2 = 1;
  82   1          OUT3_1 = 0;
  83   1          OUT3_2 = 1;
  84   1          OUT4_1 = 1;
  85   1          OUT4_2 = 0;
  86   1      }


MODULE INFORMATION:   STATIC OVERLAYABLE
   CODE SIZE        =     85    ----
   CONSTANT SIZE    =   ----    ----
   XDATA SIZE       =   ----    ----
   PDATA SIZE       =   ----    ----
   DATA SIZE        =   ----    ----
   IDATA SIZE       =   ----    ----
   BIT SIZE         =   ----    ----
END OF MODULE INFORMATION.


C51 COMPILATION COMPLETE.  0 WARNING(S),  0 ERROR(S)
