C51 COMPILER V9.60.7.0   BSP_UART                                                          02/12/2023 18:29:30 PAGE 1   


C51 COMPILER V9.60.7.0, COMPILATION OF MODULE BSP_UART
OBJECT MODULE PLACED IN ..\Output\bsp_uart.obj
COMPILER INVOKED BY: C:\App\keil5MDK\C51\BIN\C51.EXE ..\User\uart\bsp_uart.c OPTIMIZE(8,SPEED) BROWSE INCDIR(..\User;..\
                    -Libraries) DEBUG OBJECTEXTEND PRINT(..\Listing\bsp_uart.lst) TABS(2) OBJECT(..\Output\bsp_uart.obj)

line level    source

   1          # include "./uart/bsp_uart.h"
   2          # include "stdio.h"
   3          
   4          extern char dat = 0;
   5          
   6          int putchar(int c){
   7   1      
   8   1          while(!(SCON & 0x02));
   9   1          SCON &= ~0x02;
  10   1          SBUF = c;
  11   1          return (c);
  12   1      }
  13          
  14          void uart_Config(void){
  15   1      
  16   1          TMOD = 0x20;
  17   1          SCON = 0x50;
  18   1      
  19   1          TH1 = 0xFD;
  20   1          TL1 = 0xFD;
  21   1          SCON |= 0x02;
  22   1      
  23   1          ES=1;   
  24   1          EA=1;   
  25   1          TR1=1;
  26   1          EA = 1;
  27   1      }
  28          
  29          void uart() interrupt 4 {
  30   1      
  31   1        if (RI == 1){
  32   2          RI = 0;     
  33   2          dat = SBUF;
  34   2        }
  35   1      }


MODULE INFORMATION:   STATIC OVERLAYABLE
   CODE SIZE        =     44    ----
   CONSTANT SIZE    =   ----    ----
   XDATA SIZE       =   ----    ----
   PDATA SIZE       =   ----    ----
   DATA SIZE        =   ----    ----
   IDATA SIZE       =   ----    ----
   BIT SIZE         =   ----    ----
END OF MODULE INFORMATION.


C51 COMPILATION COMPLETE.  0 WARNING(S),  0 ERROR(S)
