C51 COMPILER V9.60.7.0   STC89C52RC                                                        02/12/2023 18:29:29 PAGE 1   


C51 COMPILER V9.60.7.0, COMPILATION OF MODULE STC89C52RC
OBJECT MODULE PLACED IN ..\Output\stc89c52rc.obj
COMPILER INVOKED BY: C:\App\keil5MDK\C51\BIN\C51.EXE ..\Libraries\stc89c52rc.c OPTIMIZE(8,SPEED) BROWSE INCDIR(..\User;.
                    -.\Libraries) DEBUG OBJECTEXTEND PRINT(..\Listing\stc89c52rc.lst) TABS(2) OBJECT(..\Output\stc89c52rc.obj)

line level    source

   1          # include "stc89c52rc.h"
   2          
   3          void Delay_50ms(void){    /*11.0592MHz*/
   4   1      
   5   1          uint8_t i, j;
   6   1      
   7   1          i = 90;
   8   1          j = 163;
   9   1      
  10   1          do{
  11   2              while(--j);
  12   2          } while(--i);
  13   1      }


MODULE INFORMATION:   STATIC OVERLAYABLE
   CODE SIZE        =      9    ----
   CONSTANT SIZE    =   ----    ----
   XDATA SIZE       =   ----    ----
   PDATA SIZE       =   ----    ----
   DATA SIZE        =   ----    ----
   IDATA SIZE       =   ----    ----
   BIT SIZE         =   ----    ----
END OF MODULE INFORMATION.


C51 COMPILATION COMPLETE.  0 WARNING(S),  0 ERROR(S)
